
===========================================================================
report_checks -path_delay max (Setup)
============================================================================
Startpoint: _600_ (rising edge-triggered flip-flop)
Endpoint: dac[6] (output port clocked by clk)
Path Group: clk
Path Type: max

Fanout     Cap    Slew   Delay    Time   Description
-----------------------------------------------------------------------------
                  0.13    0.00    0.00 ^ _600_/CLK (sky130_fd_sc_hd__dfrtp_4)
                  0.09    0.57    0.57 v _600_/Q (sky130_fd_sc_hd__dfrtp_4)
     2    0.03                           net50 (net)
                  0.09    0.00    0.57 v _610_/A (sky130_fd_sc_hd__clkbuf_1)
                  0.03    0.11    0.69 v _610_/X (sky130_fd_sc_hd__clkbuf_1)
     1    0.00                           net63 (net)
                  0.03    0.00    0.69 v output63/A (sky130_fd_sc_hd__buf_2)
                  0.09    0.18    0.87 v output63/X (sky130_fd_sc_hd__buf_2)
     1    0.03                           dac[6] (net)
                  0.09    0.00    0.87 v dac[6] (out)
                                  0.87   data arrival time

                         40.00   40.00   clock clk (rise edge)
                          0.00   40.00   clock network delay (propagated)
                         -0.25   39.75   clock uncertainty
                          0.00   39.75   clock reconvergence pessimism
                         -8.00   31.75   output external delay
                                 31.75   data required time
-----------------------------------------------------------------------------
                                 31.75   data required time
                                 -0.87   data arrival time
-----------------------------------------------------------------------------
                                 30.88   slack (MET)


Startpoint: _595_ (rising edge-triggered flip-flop)
Endpoint: dac[1] (output port clocked by clk)
Path Group: clk
Path Type: max

Fanout     Cap    Slew   Delay    Time   Description
-----------------------------------------------------------------------------
                  0.13    0.00    0.00 ^ _595_/CLK (sky130_fd_sc_hd__dfrtp_4)
                  0.09    0.57    0.57 v _595_/Q (sky130_fd_sc_hd__dfrtp_4)
     2    0.03                           net45 (net)
                  0.09    0.00    0.57 v _605_/A (sky130_fd_sc_hd__clkbuf_1)
                  0.03    0.11    0.68 v _605_/X (sky130_fd_sc_hd__clkbuf_1)
     1    0.00                           net58 (net)
                  0.03    0.00    0.68 v output58/A (sky130_fd_sc_hd__buf_2)
                  0.09    0.18    0.86 v output58/X (sky130_fd_sc_hd__buf_2)
     1    0.03                           dac[1] (net)
                  0.09    0.00    0.86 v dac[1] (out)
                                  0.86   data arrival time

                         40.00   40.00   clock clk (rise edge)
                          0.00   40.00   clock network delay (propagated)
                         -0.25   39.75   clock uncertainty
                          0.00   39.75   clock reconvergence pessimism
                         -8.00   31.75   output external delay
                                 31.75   data required time
-----------------------------------------------------------------------------
                                 31.75   data required time
                                 -0.86   data arrival time
-----------------------------------------------------------------------------
                                 30.89   slack (MET)


Startpoint: _601_ (rising edge-triggered flip-flop)
Endpoint: dac[7] (output port clocked by clk)
Path Group: clk
Path Type: max

Fanout     Cap    Slew   Delay    Time   Description
-----------------------------------------------------------------------------
                  0.13    0.00    0.00 ^ _601_/CLK (sky130_fd_sc_hd__dfrtp_1)
                  0.11    0.43    0.43 ^ _601_/Q (sky130_fd_sc_hd__dfrtp_1)
     2    0.01                           net51 (net)
                  0.11    0.00    0.43 ^ _611_/A (sky130_fd_sc_hd__clkbuf_1)
                  0.16    0.19    0.61 ^ _611_/X (sky130_fd_sc_hd__clkbuf_1)
     1    0.01                           net64 (net)
                  0.16    0.00    0.61 ^ output64/A (sky130_fd_sc_hd__buf_2)
                  0.17    0.25    0.86 ^ output64/X (sky130_fd_sc_hd__buf_2)
     1    0.03                           dac[7] (net)
                  0.17    0.00    0.86 ^ dac[7] (out)
                                  0.86   data arrival time

                         40.00   40.00   clock clk (rise edge)
                          0.00   40.00   clock network delay (propagated)
                         -0.25   39.75   clock uncertainty
                          0.00   39.75   clock reconvergence pessimism
                         -8.00   31.75   output external delay
                                 31.75   data required time
-----------------------------------------------------------------------------
                                 31.75   data required time
                                 -0.86   data arrival time
-----------------------------------------------------------------------------
                                 30.89   slack (MET)


Startpoint: _596_ (rising edge-triggered flip-flop)
Endpoint: dac[2] (output port clocked by clk)
Path Group: clk
Path Type: max

Fanout     Cap    Slew   Delay    Time   Description
-----------------------------------------------------------------------------
                  0.13    0.00    0.00 ^ _596_/CLK (sky130_fd_sc_hd__dfrtp_4)
                  0.09    0.57    0.57 v _596_/Q (sky130_fd_sc_hd__dfrtp_4)
     2    0.03                           net46 (net)
                  0.09    0.00    0.57 v _606_/A (sky130_fd_sc_hd__clkbuf_1)
                  0.02    0.11    0.68 v _606_/X (sky130_fd_sc_hd__clkbuf_1)
     1    0.00                           net59 (net)
                  0.02    0.00    0.68 v output59/A (sky130_fd_sc_hd__buf_2)
                  0.09    0.18    0.86 v output59/X (sky130_fd_sc_hd__buf_2)
     1    0.03                           dac[2] (net)
                  0.09    0.00    0.86 v dac[2] (out)
                                  0.86   data arrival time

                         40.00   40.00   clock clk (rise edge)
                          0.00   40.00   clock network delay (propagated)
                         -0.25   39.75   clock uncertainty
                          0.00   39.75   clock reconvergence pessimism
                         -8.00   31.75   output external delay
                                 31.75   data required time
-----------------------------------------------------------------------------
                                 31.75   data required time
                                 -0.86   data arrival time
-----------------------------------------------------------------------------
                                 30.89   slack (MET)


Startpoint: _599_ (rising edge-triggered flip-flop)
Endpoint: dac[5] (output port clocked by clk)
Path Group: clk
Path Type: max

Fanout     Cap    Slew   Delay    Time   Description
-----------------------------------------------------------------------------
                  0.13    0.00    0.00 ^ _599_/CLK (sky130_fd_sc_hd__dfrtp_4)
                  0.09    0.57    0.57 v _599_/Q (sky130_fd_sc_hd__dfrtp_4)
     2    0.03                           net49 (net)
                  0.09    0.00    0.57 v _609_/A (sky130_fd_sc_hd__clkbuf_1)
                  0.02    0.11    0.68 v _609_/X (sky130_fd_sc_hd__clkbuf_1)
     1    0.00                           net62 (net)
                  0.02    0.00    0.68 v output62/A (sky130_fd_sc_hd__buf_2)
                  0.09    0.18    0.85 v output62/X (sky130_fd_sc_hd__buf_2)
     1    0.03                           dac[5] (net)
                  0.09    0.00    0.86 v dac[5] (out)
                                  0.86   data arrival time

                         40.00   40.00   clock clk (rise edge)
                          0.00   40.00   clock network delay (propagated)
                         -0.25   39.75   clock uncertainty
                          0.00   39.75   clock reconvergence pessimism
                         -8.00   31.75   output external delay
                                 31.75   data required time
-----------------------------------------------------------------------------
                                 31.75   data required time
                                 -0.86   data arrival time
-----------------------------------------------------------------------------
                                 30.89   slack (MET)


