
===========================================================================
report_checks -path_delay min (Hold)
============================================================================
Startpoint: _090_ (rising edge-triggered flip-flop)
Endpoint: clock_out (output port clocked by clk)
Path Group: clk
Path Type: min

Fanout     Cap    Slew   Delay    Time   Description
-----------------------------------------------------------------------------
                  0.23    0.00    0.00 ^ _090_/CLK (sky130_fd_sc_hd__dfxtp_2)
                  0.04    0.36    0.36 v _090_/Q (sky130_fd_sc_hd__dfxtp_2)
     1    0.01                           net2 (net)
                  0.04    0.00    0.36 v output2/A (sky130_fd_sc_hd__buf_6)
                  0.05    0.13    0.49 v output2/X (sky130_fd_sc_hd__buf_6)
     1    0.03                           clock_out (net)
                  0.05    0.00    0.49 v clock_out (out)
                                  0.49   data arrival time

                  0.00    0.00    0.00   clock clk (rise edge)
                          0.00    0.00   clock network delay (ideal)
                          0.25    0.25   clock uncertainty
                          0.00    0.25   clock reconvergence pessimism
                         -0.10    0.15   output external delay
                                  0.15   data required time
-----------------------------------------------------------------------------
                                  0.15   data required time
                                 -0.49   data arrival time
-----------------------------------------------------------------------------
                                  0.34   slack (MET)


